// Jest Snapshot v1, https://goo.gl/fbAQLP

exports[`should match snapshot 1`] = `
<div
  className="MuiPaper-root makeStyles-todoContainer-1 MuiPaper-elevation1 MuiPaper-rounded"
  display="flex"
>
  <div
    className="MuiBox-root MuiBox-root-10"
  >
    <span
      aria-disabled={false}
      className="MuiButtonBase-root MuiIconButton-root PrivateSwitchBase-root-4 MuiCheckbox-root MuiCheckbox-colorSecondary PrivateSwitchBase-checked-5 Mui-checked MuiIconButton-colorSecondary"
      onBlur={[Function]}
      onDragLeave={[Function]}
      onFocus={[Function]}
      onKeyDown={[Function]}
      onKeyUp={[Function]}
      onMouseDown={[Function]}
      onMouseLeave={[Function]}
      onMouseUp={[Function]}
      onTouchEnd={[Function]}
      onTouchMove={[Function]}
      onTouchStart={[Function]}
      tabIndex={null}
    >
      <span
        className="MuiIconButton-label"
      >
        <input
          checked={true}
          className="PrivateSwitchBase-input-7"
          data-indeterminate={false}
          onChange={[Function]}
          type="checkbox"
        />
        <svg
          aria-hidden={true}
          className="MuiSvgIcon-root"
          focusable="false"
          viewBox="0 0 24 24"
        >
          <path
            d="M19 3H5c-1.11 0-2 .9-2 2v14c0 1.1.89 2 2 2h14c1.11 0 2-.9 2-2V5c0-1.1-.89-2-2-2zm-9 14l-5-5 1.41-1.41L10 14.17l7.59-7.59L19 8l-9 9z"
          />
        </svg>
      </span>
    </span>
    <div
      className="MuiBox-root MuiBox-root-11"
    >
      <p
        className="MuiTypography-root MuiTypography-body1"
      />
    </div>
    <div
      className="MuiBox-root MuiBox-root-12"
    >
      <p
        className="MuiTypography-root MuiTypography-body1"
      >
        Due Date:  Invalid Date
      </p>
    </div>
    <button
      className="MuiButtonBase-root MuiButton-root MuiButton-text makeStyles-deleteTodo-2"
      disabled={false}
      onBlur={[Function]}
      onClick={[Function]}
      onDragLeave={[Function]}
      onFocus={[Function]}
      onKeyDown={[Function]}
      onKeyUp={[Function]}
      onMouseDown={[Function]}
      onMouseLeave={[Function]}
      onMouseUp={[Function]}
      onTouchEnd={[Function]}
      onTouchMove={[Function]}
      onTouchStart={[Function]}
      tabIndex={0}
      type="button"
    >
      <span
        className="MuiButton-label"
      >
        <span
          className="MuiButton-startIcon MuiButton-iconSizeMedium"
        >
          <span
            aria-hidden={true}
            className="material-icons MuiIcon-root"
          >
            delete
          </span>
        </span>
        Delete
      </span>
    </button>
  </div>
</div>
`;
